Auto-merging src/data/workshop-strings.ts
Auto-merging src/services/workshop.service.ts
Auto-merging src/types/workshop.types.ts
On branch feat/workshop-multi-responders
Changes to be committed:
  (use "git restore --staged <file>..." to unstage)
	new file:   src/__tests__/services/workshop.service.test.ts
	new file:   src/app/workshop/host/[hostKey]/remote/MultiResponders.tsx
	modified:   src/app/workshop/host/[hostKey]/remote/RemoteClient.tsx
	modified:   src/data/workshop-strings.ts
	modified:   src/services/workshop.service.ts
	modified:   src/types/workshop.types.ts

Changes not staged for commit:
  (use "git add <file>..." to update what will be committed)
  (use "git restore <file>..." to discard changes in working directory)
	modified:   src/app/api/workshop/host/[hostKey]/control/route.ts
	modified:   src/app/workshop/host/[hostKey]/components/HostControls.tsx
	modified:   src/components/about/AboutCertificates.tsx
	modified:   src/components/layout/Header.tsx
	modified:   src/data/workshop-strings.ts
	modified:   src/services/workshop.service.ts
	modified:   src/types/workshop.types.ts

Untracked files:
  (use "git add <file>..." to include in what will be committed)
	scratch/

Dropped refs/stash@{0} (1c3438a60e6f877dd95e2dda2e06087b36655945)
